// Jest Snapshot v1, https://goo.gl/fbAQLP

exports[`Converter rendering Validation Converter should render with / url 1`] = `null`;
